<html>
<body>
<pre>
<h1>µVision Build Log</h1>
<h2>Tool Versions:</h2>
IDE-Version: ¦ÌVision V5.36.0.0
Copyright (C) 2021 ARM Ltd and ARM Germany GmbH. All rights reserved.
License Information: Rosen Yin, TOE, LIC=9N0AE-5R5NY-F16PT-RPUJ2-B9KML-H5GC2
 
Tool Versions:
Toolchain:       MDK-ARM Professional  Version: 5.36.0.0
Toolchain Path:  D:\ProgramFiles\Keil\ARM\ARMCC\Bin
C Compiler:      Armcc.exe V5.06 update 7 (build 960)
Assembler:       Armasm.exe V5.06 update 7 (build 960)
Linker/Locator:  ArmLink.exe V5.06 update 7 (build 960)
Library Manager: ArmAr.exe V5.06 update 7 (build 960)
Hex Converter:   FromElf.exe V5.06 update 7 (build 960)
CPU DLL:         SARMCM3.DLL V5.36.0.0
Dialog DLL:      DCM.DLL V1.17.3.0
Target DLL:      Segger\JL2CM3.dll V2.99.40.0
Dialog DLL:      TCM.DLL V1.53.0.0
 
<h2>Project:</h2>
D:\Workspace\Hero2023-vscode\UI\MDK-ARM\UI.uvprojx
Project File Date:  06/14/2023

<h2>Output:</h2>
*** Using Compiler 'V5.06 update 7 (build 960)', folder: 'D:\ProgramFiles\Keil\ARM\ARMCC\Bin'
Build target 'UI'
compiling bsp_usart.c...
compiling myTask02.c...
compiling myTask03.c...
compiling myTask04.c...
compiling RM_Task.c...
..\judg\RM_Task.c(19): warning:  #177-D: variable "blinkCount"  was declared but never referenced
  	static uint8_t blinkCount = 0;
..\judg\RM_Task.c(21): warning:  #550-D: variable "fric_last_mode"  was set but never used
  	static uint16_t fric_last_mode;
..\judg\RM_Task.c(22): warning:  #177-D: variable "fric_mode_count"  was declared but never referenced
  	static uint8_t fric_mode_count=5;
..\judg\RM_Task.c: 3 warnings, 0 errors
compiling judge.c...
..\judg\judge.c(139): warning:  #550-D: variable "packindex"  was set but never used
    static uint8_t packindex;
..\judg\judge.c(1528): warning:  #1-D: last line of file ends without a newline
  }
..\judg\judge.c: 2 warnings, 0 errors
linking...
Program Size: Code=33776 RO-data=1604 RW-data=484 ZI-data=16812  
FromELF: creating hex file...
".\UI\UI.axf" - 0 Error(s), 5 Warning(s).

<h2>Software Packages used:</h2>

Package Vendor: ARM
                http://www.keil.com/pack/ARM.CMSIS.5.8.0.pack
                ARM.CMSIS.5.8.0
                CMSIS (Common Microcontroller Software Interface Standard)
   * Component: CORE Version: 5.5.0

Package Vendor: Keil
                http://www.keil.com/pack/Keil.STM32F4xx_DFP.2.15.0.pack
                Keil.STM32F4xx_DFP.2.15.0
                STMicroelectronics STM32F4 Series Device Support, Drivers and Examples

<h2>Collection of Component include folders:</h2>
  .\RTE\_UI
  D:\ProgramFiles\Keil\Packs\ARM\CMSIS\5.8.0\CMSIS\Core\Include
  D:\ProgramFiles\Keil\Packs\Keil\STM32F4xx_DFP\2.15.0\Drivers\CMSIS\Device\ST\STM32F4xx\Include

<h2>Collection of Component Files used:</h2>

   * Component: ARM::CMSIS:CORE:5.5.0
Build Time Elapsed:  00:00:12
</pre>
</body>
</html>
